// Jest Snapshot v1, https://goo.gl/fbAQLP

exports[`<Title /> should render properly 1`] = `
<DocumentFragment>
  <span
    class="titleStyle"
  >
    Title text
  </span>
</DocumentFragment>
`;
