// Jest Snapshot v1, https://goo.gl/fbAQLP

exports[`<TodoListFooter /> should render properly 1`] = `
<DocumentFragment>
  <div
    class="todoListFooter"
  >
    Drag and drop to reorder list
  </div>
</DocumentFragment>
`;
