// Jest Snapshot v1, https://goo.gl/fbAQLP

exports[`<Textbox /> should render properly 1`] = `
<DocumentFragment>
  <input
    class="textboxStyle"
    maxlength="50"
    type="text"
    value=""
  />
</DocumentFragment>
`;
