// Jest Snapshot v1, https://goo.gl/fbAQLP

exports[`<ScrolableSection /> should render properly 1`] = `
<DocumentFragment>
  <div
    class="scrolableSectionStyle"
  >
    <div
      data-testid="sortable-section"
    />
  </div>
</DocumentFragment>
`;
