// Jest Snapshot v1, https://goo.gl/fbAQLP

exports[`<TodoPage /> should render properly 1`] = `
<DocumentFragment>
  <div>
    TodoTemplate
  </div>
</DocumentFragment>
`;
